{
    "krona_kraken2 - stub run": {
        "content": [
            {
                "0": [
                    [
                        {
                            "id": "test_sample"
                        },
                        "test_sample.krona.html:md5,d41d8cd98f00b204e9800998ecf8427e"
                    ]
                ],
                "1": [
                    "versions.yml:md5,9969c8ca126b077b73bd6a7250fa2ef2"
                ],
                "html": [
                    [
                        {
                            "id": "test_sample"
                        },
                        "test_sample.krona.html:md5,d41d8cd98f00b204e9800998ecf8427e"
                    ]
                ],
                "versions": [
                    "versions.yml:md5,9969c8ca126b077b73bd6a7250fa2ef2"
                ]
            }
        ],
        "meta": {
            "nf-test": "0.9.2",
            "nextflow": "25.04.7"
        },
        "timestamp": "2025-10-15T16:26:19.597094"
    }
}