{
    "sarscov2 single-end [fastq] - batch 0 - stub": {
        "content": [
            {
                "0": [
                    [
                        {
                            "id": "test",
                            "single_end": true,
                            "batch_id": 0
                        },
                        "test_batch0.kraken2.output.txt:md5,d41d8cd98f00b204e9800998ecf8427e"
                    ]
                ],
                "1": [
                    [
                        {
                            "id": "test",
                            "single_end": true,
                            "batch_id": 0
                        },
                        "test_batch0.kraken2.report.txt:md5,d41d8cd98f00b204e9800998ecf8427e"
                    ]
                ],
                "2": [
                    [
                        {
                            "id": "test",
                            "single_end": true,
                            "batch_id": 0
                        },
                        "batch_metadata.json:md5,fb7a18c7c59a217875c5f1634eb9810a"
                    ]
                ],
                "3": [
                    
                ],
                "4": [
                    
                ],
                "5": [
                    
                ],
                "6": [
                    "versions.yml:md5,a6c7626386c24cc923d5b8432a5b2cb9"
                ],
                "batch_metadata": [
                    [
                        {
                            "id": "test",
                            "single_end": true,
                            "batch_id": 0
                        },
                        "batch_metadata.json:md5,fb7a18c7c59a217875c5f1634eb9810a"
                    ]
                ],
                "classified_reads_assignment": [
                    
                ],
                "classified_reads_fastq": [
                    
                ],
                "raw_kraken2_output": [
                    [
                        {
                            "id": "test",
                            "single_end": true,
                            "batch_id": 0
                        },
                        "test_batch0.kraken2.output.txt:md5,d41d8cd98f00b204e9800998ecf8427e"
                    ]
                ],
                "report": [
                    [
                        {
                            "id": "test",
                            "single_end": true,
                            "batch_id": 0
                        },
                        "test_batch0.kraken2.report.txt:md5,d41d8cd98f00b204e9800998ecf8427e"
                    ]
                ],
                "unclassified_reads_fastq": [
                    
                ],
                "versions": [
                    "versions.yml:md5,a6c7626386c24cc923d5b8432a5b2cb9"
                ]
            }
        ],
        "meta": {
            "nf-test": "0.9.2",
            "nextflow": "25.04.7"
        },
        "timestamp": "2025-10-20T08:40:04.299943"
    },
    "sarscov2 paired-end [fastq] - batch 1 - stub": {
        "content": [
            [
                [
                    {
                        "id": "test",
                        "single_end": false,
                        "batch_id": 1
                    },
                    "test_batch1.kraken2.output.txt:md5,d41d8cd98f00b204e9800998ecf8427e"
                ]
            ],
            [
                [
                    {
                        "id": "test",
                        "single_end": false,
                        "batch_id": 1
                    },
                    "test_batch1.kraken2.report.txt:md5,d41d8cd98f00b204e9800998ecf8427e"
                ]
            ],
            [
                [
                    {
                        "id": "test",
                        "single_end": false,
                        "batch_id": 1
                    },
                    "batch_metadata.json:md5,89fa17cbeccf48e3e987ebb665c2c744"
                ]
            ],
            [
                "versions.yml:md5,a6c7626386c24cc923d5b8432a5b2cb9"
            ]
        ],
        "meta": {
            "nf-test": "0.9.2",
            "nextflow": "25.04.7"
        },
        "timestamp": "2025-10-20T08:40:09.87243"
    }
}